Process=71 DecayMode1=8 DecayMode2=8                                                   VegasNc0=10000000 LHAPDF=NNPDF30_lo_as_0130/NNPDF30_lo_as_0130.info ReweightInterf=1 mJJcut=30 MPhotonCutoff=4 deltaRcut=0.3 pTjetcut=15 m4l_min=70 m4l_max=13000 detajetcut=0 JetsOppositeEta=0 etajetcut=6.5 FacScheme=1 MuFacMultiplier=1 RenScheme=1 MuRenMultiplier=1 DataFile=EWContinTo4L2Lor2Nu_seed_<SEED> CSmaxFile=VBFoffshell_multijob/EWContinTo4L2Lor2Nu/EWContinTo4L2Lor2Nu_seed_<SEED>               VegasVerbosity=0 VegasNc2=<NEVENTS> Seed=<SEED> ReadCSmax VBFoffsh_run=<GRIDRUN> condorsite=t2.ucsd.edu condoroutdir=/hadoop/cms/store/user/usarica/GenProductions/EW4L2Lor2Nu_13TeV_JHUGen/EWContinTo4L2Lor2Nu
Process=70 DecayMode1=8 DecayMode2=8 MReso=125 GaReso=0.00407 ghz1=1,0                 VegasNc0=10000000 LHAPDF=NNPDF30_lo_as_0130/NNPDF30_lo_as_0130.info ReweightInterf=1 mJJcut=30 MPhotonCutoff=4 deltaRcut=0.3 pTjetcut=15 m4l_min=70 m4l_max=13000 detajetcut=0 JetsOppositeEta=0 etajetcut=6.5 FacScheme=1 MuFacMultiplier=1 RenScheme=1 MuRenMultiplier=1 DataFile=EW0PMH125To4L2Lor2Nu_seed_<SEED> CSmaxFile=VBFoffshell_multijob/EW0PMH125To4L2Lor2Nu/EW0PMH125To4L2Lor2Nu_seed_<SEED>             VegasVerbosity=0 VegasNc2=<NEVENTS> Seed=<SEED> ReadCSmax VBFoffsh_run=<GRIDRUN> condorsite=t2.ucsd.edu condoroutdir=/hadoop/cms/store/user/usarica/GenProductions/EW4L2Lor2Nu_13TeV_JHUGen/EW0PMH125To4L2Lor2Nu
Process=70 DecayMode1=8 DecayMode2=8 MReso=125 GaReso=0.00407 ghz1=0,0 ghz4=0.216499,0 VegasNc0=10000000 LHAPDF=NNPDF30_lo_as_0130/NNPDF30_lo_as_0130.info ReweightInterf=1 mJJcut=30 MPhotonCutoff=4 deltaRcut=0.3 pTjetcut=15 m4l_min=70 m4l_max=13000 detajetcut=0 JetsOppositeEta=0 etajetcut=6.5 FacScheme=1 MuFacMultiplier=1 RenScheme=1 MuRenMultiplier=1 DataFile=EW0MH125To4L2Lor2Nu_seed_<SEED> CSmaxFile=VBFoffshell_multijob/EW0MH125To4L2Lor2Nu/EW0MH125To4L2Lor2Nu_seed_<SEED>               VegasVerbosity=0 VegasNc2=<NEVENTS> Seed=<SEED> ReadCSmax VBFoffsh_run=<GRIDRUN> condorsite=t2.ucsd.edu condoroutdir=/hadoop/cms/store/user/usarica/GenProductions/EW4L2Lor2Nu_13TeV_JHUGen/EW0MH125To4L2Lor2Nu
Process=72 DecayMode1=8 DecayMode2=8 MReso=125 GaReso=0.00407 ghz1=1,0                 VegasNc0=10000000 LHAPDF=NNPDF30_lo_as_0130/NNPDF30_lo_as_0130.info ReweightInterf=1 mJJcut=30 MPhotonCutoff=4 deltaRcut=0.3 pTjetcut=15 m4l_min=70 m4l_max=13000 detajetcut=0 JetsOppositeEta=0 etajetcut=6.5 FacScheme=1 MuFacMultiplier=1 RenScheme=1 MuRenMultiplier=1 DataFile=EW0PMH125ContinTo4L2Lor2Nu_seed_<SEED> CSmaxFile=VBFoffshell_multijob/EW0PMH125ContinTo4L2Lor2Nu/EW0PMH125ContinTo4L2Lor2Nu_seed_<SEED> VegasVerbosity=0 VegasNc2=<NEVENTS> Seed=<SEED> ReadCSmax VBFoffsh_run=<GRIDRUN> condorsite=t2.ucsd.edu condoroutdir=/hadoop/cms/store/user/usarica/GenProductions/EW4L2Lor2Nu_13TeV_JHUGen/EW0PMH125ContinTo4L2Lor2Nu
Process=72 DecayMode1=8 DecayMode2=8 MReso=125 GaReso=0.00407 ghz1=0,0 ghz4=0.216499,0 VegasNc0=10000000 LHAPDF=NNPDF30_lo_as_0130/NNPDF30_lo_as_0130.info ReweightInterf=1 mJJcut=30 MPhotonCutoff=4 deltaRcut=0.3 pTjetcut=15 m4l_min=70 m4l_max=13000 detajetcut=0 JetsOppositeEta=0 etajetcut=6.5 FacScheme=1 MuFacMultiplier=1 RenScheme=1 MuRenMultiplier=1 DataFile=EW0MH125ContinTo4L2Lor2Nu_seed_<SEED> CSmaxFile=VBFoffshell_multijob/EW0MH125ContinTo4L2Lor2Nu/EW0MH125ContinTo4L2Lor2Nu_seed_<SEED>   VegasVerbosity=0 VegasNc2=<NEVENTS> Seed=<SEED> ReadCSmax VBFoffsh_run=<GRIDRUN> condorsite=t2.ucsd.edu condoroutdir=/hadoop/cms/store/user/usarica/GenProductions/EW4L2Lor2Nu_13TeV_JHUGen/EW0MH125ContinTo4L2Lor2Nu
